[debug] [2026-08-27T16:52:42.757Z] ----------------------------------------------------------------------
[debug] [2026-08-27T16:52:42.771Z] Command:       /Users/jonhulme/.nvm/versions/node/v24.19.0/bin/node /Users/jonhulme/.nvm/versions/node/v24.19.0/bin/firebase deploy --only functions
[debug] [2026-08-27T16:52:42.772Z] CLI Version:   15.26.0
[debug] [2026-08-27T16:52:42.772Z] Platform:      darwin
[debug] [2026-08-27T16:52:42.772Z] Node Version:  v24.19.0
[debug] [2026-08-27T16:52:42.772Z] Detected Agent: unknown
[debug] [2026-08-27T16:52:42.773Z] Time:          Thu Aug 27 2026 17:52:42 GMT+0100 (British Summer Time)
[debug] [2026-08-27T16:52:42.773Z] ----------------------------------------------------------------------
[debug] 
[debug] [2026-08-27T16:52:44.519Z] > command requires scopes: ["email","openid","https://www.googleapis.com/auth/cloudplatformprojects.readonly","https://www.googleapis.com/auth/firebase","https://www.googleapis.com/auth/cloud-platform"]
[debug] [2026-08-27T16:52:44.520Z] > authorizing via signed-in user (email.rmd.uk@gmail.com)
[debug] [2026-08-27T16:52:44.520Z] [iam] checking project rmd-instructor-weekend for permissions ["cloudfunctions.functions.create","cloudfunctions.functions.delete","cloudfunctions.functions.get","cloudfunctions.functions.list","cloudfunctions.functions.update","cloudfunctions.operations.get","firebase.projects.get"]
[debug] [2026-08-27T16:52:44.546Z] Checked if tokens are valid: true, expires at: 1787852466226
[debug] [2026-08-27T16:52:44.547Z] Checked if tokens are valid: true, expires at: 1787852466226
[debug] [2026-08-27T16:52:44.548Z] >>> [apiv2][query] POST https://cloudresourcemanager.googleapis.com/v1/projects/rmd-instructor-weekend:testIamPermissions [none]
[debug] [2026-08-27T16:52:44.548Z] >>> [apiv2][(partial)header] POST https://cloudresourcemanager.googleapis.com/v1/projects/rmd-instructor-weekend:testIamPermissions  x-goog-user-project=rmd-instructor-weekend
[debug] [2026-08-27T16:52:44.548Z] >>> [apiv2][body] POST https://cloudresourcemanager.googleapis.com/v1/projects/rmd-instructor-weekend:testIamPermissions {"permissions":["cloudfunctions.functions.create","cloudfunctions.functions.delete","cloudfunctions.functions.get","cloudfunctions.functions.list","cloudfunctions.functions.update","cloudfunctions.operations.get","firebase.projects.get"]}
[debug] [2026-08-27T16:52:44.995Z] <<< [apiv2][status] POST https://cloudresourcemanager.googleapis.com/v1/projects/rmd-instructor-weekend:testIamPermissions 200
[debug] [2026-08-27T16:52:44.996Z] <<< [apiv2][body] POST https://cloudresourcemanager.googleapis.com/v1/projects/rmd-instructor-weekend:testIamPermissions {"permissions":["cloudfunctions.functions.create","cloudfunctions.functions.delete","cloudfunctions.functions.get","cloudfunctions.functions.list","cloudfunctions.functions.update","cloudfunctions.operations.get","firebase.projects.get"]}
[debug] [2026-08-27T16:52:44.997Z] Checked if tokens are valid: true, expires at: 1787852466226
[debug] [2026-08-27T16:52:44.997Z] Checked if tokens are valid: true, expires at: 1787852466226
[debug] [2026-08-27T16:52:44.997Z] >>> [apiv2][query] POST https://iam.googleapis.com/v1/projects/rmd-instructor-weekend/serviceAccounts/rmd-instructor-weekend@appspot.gserviceaccount.com:testIamPermissions [none]
[debug] [2026-08-27T16:52:44.998Z] >>> [apiv2][body] POST https://iam.googleapis.com/v1/projects/rmd-instructor-weekend/serviceAccounts/rmd-instructor-weekend@appspot.gserviceaccount.com:testIamPermissions {"permissions":["iam.serviceAccounts.actAs"]}
[debug] [2026-08-27T16:52:45.402Z] <<< [apiv2][status] POST https://iam.googleapis.com/v1/projects/rmd-instructor-weekend/serviceAccounts/rmd-instructor-weekend@appspot.gserviceaccount.com:testIamPermissions 200
[debug] [2026-08-27T16:52:45.402Z] <<< [apiv2][body] POST https://iam.googleapis.com/v1/projects/rmd-instructor-weekend/serviceAccounts/rmd-instructor-weekend@appspot.gserviceaccount.com:testIamPermissions {"permissions":["iam.serviceAccounts.actAs"]}
[info] 
[info] === Deploying to 'rmd-instructor-weekend'...
[info] 
[info] i  deploying functions 
[debug] [2026-08-27T16:52:45.409Z] Checked if tokens are valid: true, expires at: 1787852466226
[debug] [2026-08-27T16:52:45.409Z] Checked if tokens are valid: true, expires at: 1787852466226
[debug] [2026-08-27T16:52:45.410Z] >>> [apiv2][query] GET https://cloudresourcemanager.googleapis.com/v1/projects/rmd-instructor-weekend [none]
[debug] [2026-08-27T16:52:45.666Z] <<< [apiv2][status] GET https://cloudresourcemanager.googleapis.com/v1/projects/rmd-instructor-weekend 200
[debug] [2026-08-27T16:52:45.666Z] <<< [apiv2][body] GET https://cloudresourcemanager.googleapis.com/v1/projects/rmd-instructor-weekend {"projectNumber":"564697857052","projectId":"rmd-instructor-weekend","lifecycleState":"ACTIVE","name":"rmd-instructor-weekend","labels":{"firebase":"enabled","firebase-core":"disabled"},"createTime":"2026-06-14T14:22:31.887Z"}
[info] i  functions: preparing codebase default for deployment 
[info] i  functions: ensuring required API cloudfunctions.googleapis.com is enabled... 
[info] i  functions: ensuring required API cloudbuild.googleapis.com is enabled... 
[info] i  artifactregistry: ensuring required API artifactregistry.googleapis.com is enabled... 
[debug] [2026-08-27T16:52:45.669Z] Checked if tokens are valid: true, expires at: 1787852466226
[debug] [2026-08-27T16:52:45.669Z] Checked if tokens are valid: true, expires at: 1787852466226
[debug] [2026-08-27T16:52:45.669Z] >>> [apiv2][query] GET https://firebase.googleapis.com/v1beta1/projects/rmd-instructor-weekend/adminSdkConfig [none]
[debug] [2026-08-27T16:52:46.201Z] <<< [apiv2][status] GET https://firebase.googleapis.com/v1beta1/projects/rmd-instructor-weekend/adminSdkConfig 200
[debug] [2026-08-27T16:52:46.201Z] <<< [apiv2][body] GET https://firebase.googleapis.com/v1beta1/projects/rmd-instructor-weekend/adminSdkConfig {"projectId":"rmd-instructor-weekend","storageBucket":"rmd-instructor-weekend.firebasestorage.app"}
[debug] [2026-08-27T16:52:46.202Z] Checked if tokens are valid: true, expires at: 1787852466226
[debug] [2026-08-27T16:52:46.202Z] Checked if tokens are valid: true, expires at: 1787852466226
[debug] [2026-08-27T16:52:46.202Z] >>> [apiv2][query] GET https://runtimeconfig.googleapis.com/v1beta1/projects/rmd-instructor-weekend/configs [none]
[debug] [2026-08-27T16:52:46.655Z] <<< [apiv2][status] GET https://runtimeconfig.googleapis.com/v1beta1/projects/rmd-instructor-weekend/configs 200
[debug] [2026-08-27T16:52:46.656Z] <<< [apiv2][body] GET https://runtimeconfig.googleapis.com/v1beta1/projects/rmd-instructor-weekend/configs {}
